> Task :app:checkKotlinGradlePluginConfigurationErrors SKIPPED
> Task :app:preBuild UP-TO-DATE
> Task :app:preDebugBuild UP-TO-DATE
> Task :app:checkDebugAarMetadata
> Task :app:processDebugNavigationResources
> Task :app:compileDebugNavigationResources
> Task :app:generateDebugResValues
> Task :app:mapDebugSourceSetPaths
> Task :app:generateDebugResources
> Task :app:mergeDebugResources
> Task :app:packageDebugResources
> Task :app:createDebugCompatibleScreenManifests
> Task :app:extractDeepLinksDebug
> Task :app:parseDebugLocalResources
> Task :app:processDebugMainManifest
> Task :app:processDebugManifest
> Task :app:processDebugManifestForPackage
> Task :app:processDebugResources
> Task :app:kspDebugKotlin

> Task :app:compileDebugKotlin
w: file:///C:/Dev/ManagerFoot/app/src/main/java/br/com/managerfoot/data/database/AppDatabase.kt:56:22 'fun fallbackToDestructiveMigration(): RoomDatabase.Builder<AppDatabase>' is deprecated. Replace by overloaded version with parameter to indicate if all tables should be dropped or not.
w: file:///C:/Dev/ManagerFoot/app/src/main/java/br/com/managerfoot/presentation/ui/screens/ArtilheirosScreen.kt:117:30 'fun Modifier.menuAnchor(): Modifier' is deprecated. Use overload that takes MenuAnchorType and enabled parameters.
w: file:///C:/Dev/ManagerFoot/app/src/main/java/br/com/managerfoot/presentation/ui/screens/ArtilheirosScreen.kt:158:30 'fun Modifier.menuAnchor(): Modifier' is deprecated. Use overload that takes MenuAnchorType and enabled parameters.
w: file:///C:/Dev/ManagerFoot/app/src/main/java/br/com/managerfoot/presentation/ui/screens/ClubesScreen.kt:107:47 'val Icons.Filled.ArrowBack: ImageVector' is deprecated. Use the AutoMirrored version at Icons.AutoMirrored.Filled.ArrowBack.
w: file:///C:/Dev/ManagerFoot/app/src/main/java/br/com/managerfoot/presentation/ui/screens/ClubesScreen.kt:169:47 'val Icons.Filled.ArrowBack: ImageVector' is deprecated. Use the AutoMirrored version at Icons.AutoMirrored.Filled.ArrowBack.
w: file:///C:/Dev/ManagerFoot/app/src/main/java/br/com/managerfoot/presentation/ui/screens/ClubesScreen.kt:210:26 'val Icons.Filled.KeyboardArrowRight: ImageVector' is deprecated. Use the AutoMirrored version at Icons.AutoMirrored.Filled.KeyboardArrowRight.
w: file:///C:/Dev/ManagerFoot/app/src/main/java/br/com/managerfoot/presentation/ui/screens/ConfrontoScreen.kt:182:18 'fun Modifier.menuAnchor(): Modifier' is deprecated. Use overload that takes MenuAnchorType and enabled parameters.
w: file:///C:/Dev/ManagerFoot/app/src/main/java/br/com/managerfoot/presentation/ui/screens/HallDaFamaScreen.kt:73:26 'fun Modifier.menuAnchor(): Modifier' is deprecated. Use overload that takes MenuAnchorType and enabled parameters.
w: file:///C:/Dev/ManagerFoot/app/src/main/java/br/com/managerfoot/presentation/ui/screens/JogadoresScreen.kt:341:51 'fun Modifier.menuAnchor(): Modifier' is deprecated. Use overload that takes MenuAnchorType and enabled parameters.
w: file:///C:/Dev/ManagerFoot/app/src/main/java/br/com/managerfoot/presentation/ui/screens/JunioresScreen.kt:67:43 'val Icons.Filled.ArrowBack: ImageVector' is deprecated. Use the AutoMirrored version at Icons.AutoMirrored.Filled.ArrowBack.
w: file:///C:/Dev/ManagerFoot/app/src/main/java/br/com/managerfoot/presentation/ui/screens/PatrocinioScreen.kt:85:21 'fun Divider(modifier: Modifier = ..., thickness: Dp = ..., color: Color = ...): Unit' is deprecated. Renamed to HorizontalDivider.
w: file:///C:/Dev/ManagerFoot/app/src/main/java/br/com/managerfoot/presentation/ui/screens/RodadaScreen.kt:95:45 'fun Modifier.menuAnchor(): Modifier' is deprecated. Use overload that takes MenuAnchorType and enabled parameters.
w: file:///C:/Dev/ManagerFoot/app/src/main/java/br/com/managerfoot/presentation/ui/screens/RodadaScreen.kt:125:45 'fun Modifier.menuAnchor(): Modifier' is deprecated. Use overload that takes MenuAnchorType and enabled parameters.
w: file:///C:/Dev/ManagerFoot/app/src/main/java/br/com/managerfoot/presentation/ui/screens/TabelaScreen.kt:108:49 'fun Modifier.menuAnchor(): Modifier' is deprecated. Use overload that takes MenuAnchorType and enabled parameters.
w: file:///C:/Dev/ManagerFoot/app/src/main/java/br/com/managerfoot/presentation/ui/screens/TabelaScreen.kt:145:49 'fun Modifier.menuAnchor(): Modifier' is deprecated. Use overload that takes MenuAnchorType and enabled parameters.
w: file:///C:/Dev/ManagerFoot/app/src/main/java/br/com/managerfoot/presentation/ui/screens/TreinamentoScreen.kt:51:44 'val Icons.Filled.ArrowBack: ImageVector' is deprecated. Use the AutoMirrored version at Icons.AutoMirrored.Filled.ArrowBack.

BUILD SUCCESSFUL in 26s
17 actionable tasks: 17 executed
